# Redirect $DOMAIN or /en without version and path to current stable version
~^/(|en/?)?$ /2.5/en/;

# Redirect /en without version to current stable version
~^/en/(?<path>.+)$ /2.5/en/${path};

# Redirect /stable to current stable version
~^/stable/?$ /2.5/en/;
~^/stable/en/?$ /2.5/en/;
~^/stable/(?<path>.+)$ /2.5/${path};

# Redirect /1.25 to current stable version
"~^/1\.25/?$" /2.5/en/;
"~^/1\.25/en/?$" /2.5/en/;
"~^/1\.25/(?<path>.+)$" /2.5/en;

# Redirect just version to the /en version
"~^/(?<version>[0-9-\._]+|devel)/?$" /${version}/en/;
"~^/(?<version>[0-9-\._]+|devel)?$" /${version}/en/;

# Redirect no version or en to current stable version
"~^/(?!([0-9-\._]+|devel|stable|en)/)(?<path>.+)$" /2.5/en/${path};

# Redirect path version without /en to the /en version
"~^/(?<version>[0-9-\._]+|devel|stable)/(?<path>(?!en/?).+)$" /${version}/en/${path};

# Redirect 1.25 docs index to getting-started page
#"~^/1\.25(/|/index)?$" /1.25/en/getting-started;
#"~^/1\.25/(?<language>[a-zA-Z]{2})(/|/index)?$" /1.25/${language}/getting-started;

# Redirect old media paths
#"~^/(?<version>[0-9-\._]+|devel)/en/media/(?<filename>.+)$" /${version}/en/media/${filename};

# Redirect help-google to clouds-gce
"~^/(?<version>[0-9-\._]+|devel)/en/help-google/?$" /${version}/en/clouds-gce;

# Redirect help-aws to clouds-aws
"~^/(?<version>[0-9-\._]+|devel)/en/help-aws/?$" /${version}/en/clouds-aws;

# Redirect help-joyent to clouds-joyent
"~^/(?<version>[0-9-\._]+|devel)/en/help-joyent/?$" /${version}/en/clouds-joyent;

# Redirect help-rackspace to clouds-rackspace
"~^/(?<version>[0-9-\._]+|devel)/en/help-rackspace/?$" /${version}/en/clouds-rackspace;

# Redirect help-vmware to clouds-vsphere
"~^/(?<version>[0-9-\._]+|devel)/en/help-vmware/?$" /${version}/en/clouds-vsphere;

# Redirect help-openstack to clouds-openstack
"~^/(?<version>[0-9-\._]+|devel)/en/help-openstack/?$" /${version}/en/clouds-openstack;

# Redirect help-azure to clouds-azure
"~^/(?<version>[0-9-\._]+|devel)/en/help-azure/?$" /${version}/en/clouds-azure;

# Redirect help-azure-advanced to clouds-azure-advanced 
"~^/(?<version>[0-9-\._]+|devel)/en/help-azure-advanced/?$" /${version}/en/clouds-azure-advanced;

# Redirect clouds-LXD to clouds-lxd
"~^/(?<version>[0-9-\._]+|devel)/en/clouds-LXD/?$" /${version}/en/clouds-lxd;

# Redirect tut-lxd to clouds-lxd
"~^/(?<version>[0-9-\._]+|devel)/en/tut-lxd/?$" /${version}/en/clouds-lxd;
